[2024-11-14T09:35:06.535+0000][gc,init] CardTable entry size: 512
[2024-11-14T09:35:06.535+0000][gc     ] Using G1
[2024-11-14T09:35:06.542+0000][gc,init] Version: 21.0.4+7-LTS (release)
[2024-11-14T09:35:06.542+0000][gc,init] CPUs: 2 total, 2 available
[2024-11-14T09:35:06.542+0000][gc,init] Memory: 7928M
[2024-11-14T09:35:06.542+0000][gc,init] Large Page Support: Disabled
[2024-11-14T09:35:06.542+0000][gc,init] NUMA Support: Disabled
[2024-11-14T09:35:06.542+0000][gc,init] Compressed Oops: Enabled (32-bit)
[2024-11-14T09:35:06.542+0000][gc,init] Heap Region Size: 1M
[2024-11-14T09:35:06.542+0000][gc,init] Heap Min Capacity: 1G
[2024-11-14T09:35:06.542+0000][gc,init] Heap Initial Capacity: 1G
[2024-11-14T09:35:06.542+0000][gc,init] Heap Max Capacity: 1G
[2024-11-14T09:35:06.542+0000][gc,init] Pre-touch: Disabled
[2024-11-14T09:35:06.542+0000][gc,init] Parallel Workers: 2
[2024-11-14T09:35:06.542+0000][gc,init] Concurrent Workers: 1
[2024-11-14T09:35:06.542+0000][gc,init] Concurrent Refinement Workers: 2
[2024-11-14T09:35:06.542+0000][gc,init] Periodic GC: Disabled
[2024-11-14T09:35:06.548+0000][gc,metaspace] CDS archive(s) mapped at: [0x00007d2513000000-0x00007d2513cae000-0x00007d2513cae000), size 13295616, SharedBaseAddress: 0x00007d2513000000, ArchiveRelocationMode: 1.
[2024-11-14T09:35:06.548+0000][gc,metaspace] Compressed class space mapped at: 0x00007d2514000000-0x00007d2554000000, reserved size: 1073741824
[2024-11-14T09:35:06.548+0000][gc,metaspace] Narrow klass base: 0x00007d2513000000, Narrow klass shift: 0, Narrow klass range: 0x100000000
[2024-11-14T09:35:07.322+0000][gc,heap,exit] Heap
[2024-11-14T09:35:07.322+0000][gc,heap,exit]  garbage-first heap   total 1048576K, used 24608K [0x00000000c0000000, 0x0000000100000000)
[2024-11-14T09:35:07.322+0000][gc,heap,exit]   region size 1024K, 24 young (24576K), 0 survivors (0K)
[2024-11-14T09:35:07.322+0000][gc,heap,exit]  Metaspace       used 10123K, committed 10368K, reserved 1114112K
[2024-11-14T09:35:07.322+0000][gc,heap,exit]   class space    used 1187K, committed 1280K, reserved 1048576K
