[2024-11-14T09:40:18.088+0000][gc,init] CardTable entry size: 512
[2024-11-14T09:40:18.089+0000][gc     ] Using G1
[2024-11-14T09:40:18.095+0000][gc,init] Version: 21.0.4+7-LTS (release)
[2024-11-14T09:40:18.095+0000][gc,init] CPUs: 2 total, 2 available
[2024-11-14T09:40:18.095+0000][gc,init] Memory: 7928M
[2024-11-14T09:40:18.095+0000][gc,init] Large Page Support: Disabled
[2024-11-14T09:40:18.095+0000][gc,init] NUMA Support: Disabled
[2024-11-14T09:40:18.095+0000][gc,init] Compressed Oops: Enabled (32-bit)
[2024-11-14T09:40:18.095+0000][gc,init] Heap Region Size: 1M
[2024-11-14T09:40:18.095+0000][gc,init] Heap Min Capacity: 1G
[2024-11-14T09:40:18.095+0000][gc,init] Heap Initial Capacity: 1G
[2024-11-14T09:40:18.095+0000][gc,init] Heap Max Capacity: 1G
[2024-11-14T09:40:18.095+0000][gc,init] Pre-touch: Disabled
[2024-11-14T09:40:18.095+0000][gc,init] Parallel Workers: 2
[2024-11-14T09:40:18.095+0000][gc,init] Concurrent Workers: 1
[2024-11-14T09:40:18.095+0000][gc,init] Concurrent Refinement Workers: 2
[2024-11-14T09:40:18.095+0000][gc,init] Periodic GC: Disabled
[2024-11-14T09:40:18.101+0000][gc,metaspace] CDS archive(s) mapped at: [0x00007eedaf000000-0x00007eedafcae000-0x00007eedafcae000), size 13295616, SharedBaseAddress: 0x00007eedaf000000, ArchiveRelocationMode: 1.
[2024-11-14T09:40:18.101+0000][gc,metaspace] Compressed class space mapped at: 0x00007eedb0000000-0x00007eedf0000000, reserved size: 1073741824
[2024-11-14T09:40:18.101+0000][gc,metaspace] Narrow klass base: 0x00007eedaf000000, Narrow klass shift: 0, Narrow klass range: 0x100000000
[2024-11-14T09:40:19.511+0000][gc,start    ] GC(0) Pause Young (Normal) (G1 Evacuation Pause)
[2024-11-14T09:40:19.511+0000][gc,task     ] GC(0) Using 2 workers of 2 for evacuation
[2024-11-14T09:40:19.521+0000][gc,phases   ] GC(0)   Pre Evacuate Collection Set: 0.3ms
[2024-11-14T09:40:19.521+0000][gc,phases   ] GC(0)   Merge Heap Roots: 0.1ms
[2024-11-14T09:40:19.521+0000][gc,phases   ] GC(0)   Evacuate Collection Set: 8.8ms
[2024-11-14T09:40:19.521+0000][gc,phases   ] GC(0)   Post Evacuate Collection Set: 0.5ms
[2024-11-14T09:40:19.521+0000][gc,phases   ] GC(0)   Other: 0.2ms
[2024-11-14T09:40:19.521+0000][gc,heap     ] GC(0) Eden regions: 51->0(44)
[2024-11-14T09:40:19.521+0000][gc,heap     ] GC(0) Survivor regions: 0->7(7)
[2024-11-14T09:40:19.521+0000][gc,heap     ] GC(0) Old regions: 2->2
[2024-11-14T09:40:19.521+0000][gc,heap     ] GC(0) Humongous regions: 0->0
[2024-11-14T09:40:19.521+0000][gc,metaspace] GC(0) Metaspace: 19825K(20032K)->19825K(20032K) NonClass: 17275K(17408K)->17275K(17408K) Class: 2550K(2624K)->2550K(2624K)
[2024-11-14T09:40:19.521+0000][gc          ] GC(0) Pause Young (Normal) (G1 Evacuation Pause) 52M->8M(1024M) 10.080ms
[2024-11-14T09:40:19.521+0000][gc,cpu      ] GC(0) User=0.01s Sys=0.01s Real=0.00s
[2024-11-14T09:40:19.641+0000][gc,start    ] GC(1) Pause Young (Concurrent Start) (Metadata GC Threshold)
[2024-11-14T09:40:19.641+0000][gc,task     ] GC(1) Using 2 workers of 2 for evacuation
[2024-11-14T09:40:19.650+0000][gc,phases   ] GC(1)   Pre Evacuate Collection Set: 0.2ms
[2024-11-14T09:40:19.650+0000][gc,phases   ] GC(1)   Merge Heap Roots: 0.0ms
[2024-11-14T09:40:19.650+0000][gc,phases   ] GC(1)   Evacuate Collection Set: 8.0ms
[2024-11-14T09:40:19.650+0000][gc,phases   ] GC(1)   Post Evacuate Collection Set: 0.3ms
[2024-11-14T09:40:19.650+0000][gc,phases   ] GC(1)   Other: 0.1ms
[2024-11-14T09:40:19.650+0000][gc,heap     ] GC(1) Eden regions: 6->0(49)
[2024-11-14T09:40:19.650+0000][gc,heap     ] GC(1) Survivor regions: 7->2(7)
[2024-11-14T09:40:19.650+0000][gc,heap     ] GC(1) Old regions: 2->9
[2024-11-14T09:40:19.650+0000][gc,heap     ] GC(1) Humongous regions: 129->129
[2024-11-14T09:40:19.650+0000][gc,metaspace] GC(1) Metaspace: 21268K(21504K)->21268K(21504K) NonClass: 18523K(18688K)->18523K(18688K) Class: 2744K(2816K)->2744K(2816K)
[2024-11-14T09:40:19.650+0000][gc          ] GC(1) Pause Young (Concurrent Start) (Metadata GC Threshold) 142M->138M(1024M) 8.798ms
[2024-11-14T09:40:19.650+0000][gc,cpu      ] GC(1) User=0.02s Sys=0.00s Real=0.02s
[2024-11-14T09:40:19.650+0000][gc          ] GC(2) Concurrent Mark Cycle
[2024-11-14T09:40:19.650+0000][gc,marking  ] GC(2) Concurrent Scan Root Regions
[2024-11-14T09:40:19.654+0000][gc,marking  ] GC(2) Concurrent Scan Root Regions 4.071ms
[2024-11-14T09:40:19.654+0000][gc,marking  ] GC(2) Concurrent Mark
[2024-11-14T09:40:19.654+0000][gc,marking  ] GC(2) Concurrent Mark From Roots
[2024-11-14T09:40:19.654+0000][gc,task     ] GC(2) Using 1 workers of 1 for marking
[2024-11-14T09:40:19.656+0000][gc,marking  ] GC(2) Concurrent Mark From Roots 1.845ms
[2024-11-14T09:40:19.656+0000][gc,marking  ] GC(2) Concurrent Preclean
[2024-11-14T09:40:19.656+0000][gc,marking  ] GC(2) Concurrent Preclean 0.009ms
[2024-11-14T09:40:19.656+0000][gc,start    ] GC(2) Pause Remark
[2024-11-14T09:40:19.659+0000][gc          ] GC(2) Pause Remark 139M->139M(1024M) 2.392ms
[2024-11-14T09:40:19.659+0000][gc,cpu      ] GC(2) User=0.00s Sys=0.00s Real=0.00s
[2024-11-14T09:40:19.659+0000][gc,marking  ] GC(2) Concurrent Mark 4.528ms
[2024-11-14T09:40:19.659+0000][gc,marking  ] GC(2) Concurrent Rebuild Remembered Sets and Scrub Regions
[2024-11-14T09:40:19.662+0000][gc,marking  ] GC(2) Concurrent Rebuild Remembered Sets and Scrub Regions 3.383ms
[2024-11-14T09:40:19.662+0000][gc,start    ] GC(2) Pause Cleanup
[2024-11-14T09:40:19.663+0000][gc          ] GC(2) Pause Cleanup 139M->139M(1024M) 0.136ms
[2024-11-14T09:40:19.663+0000][gc,cpu      ] GC(2) User=0.00s Sys=0.00s Real=0.00s
[2024-11-14T09:40:19.663+0000][gc,marking  ] GC(2) Concurrent Clear Claimed Marks
[2024-11-14T09:40:19.663+0000][gc,marking  ] GC(2) Concurrent Clear Claimed Marks 0.017ms
[2024-11-14T09:40:19.663+0000][gc,marking  ] GC(2) Concurrent Cleanup for Next Mark
[2024-11-14T09:40:19.673+0000][gc,marking  ] GC(2) Concurrent Cleanup for Next Mark 9.916ms
[2024-11-14T09:40:19.673+0000][gc          ] GC(2) Concurrent Mark Cycle 22.388ms
[2024-11-14T09:47:16.451+0000][gc,start    ] GC(3) Pause Young (Prepare Mixed) (G1 Evacuation Pause)
[2024-11-14T09:47:16.451+0000][gc,task     ] GC(3) Using 2 workers of 2 for evacuation
[2024-11-14T09:47:16.458+0000][gc,phases   ] GC(3)   Pre Evacuate Collection Set: 0.2ms
[2024-11-14T09:47:16.458+0000][gc,phases   ] GC(3)   Merge Heap Roots: 0.1ms
[2024-11-14T09:47:16.458+0000][gc,phases   ] GC(3)   Evacuate Collection Set: 6.5ms
[2024-11-14T09:47:16.458+0000][gc,phases   ] GC(3)   Post Evacuate Collection Set: 0.5ms
[2024-11-14T09:47:16.458+0000][gc,phases   ] GC(3)   Other: 0.1ms
[2024-11-14T09:47:16.458+0000][gc,heap     ] GC(3) Eden regions: 49->0(46)
[2024-11-14T09:47:16.458+0000][gc,heap     ] GC(3) Survivor regions: 2->5(7)
[2024-11-14T09:47:16.458+0000][gc,heap     ] GC(3) Old regions: 9->9
[2024-11-14T09:47:16.458+0000][gc,heap     ] GC(3) Humongous regions: 129->129
[2024-11-14T09:47:16.458+0000][gc,metaspace] GC(3) Metaspace: 33181K(33472K)->33181K(33472K) NonClass: 29360K(29504K)->29360K(29504K) Class: 3821K(3968K)->3821K(3968K)
[2024-11-14T09:47:16.458+0000][gc          ] GC(3) Pause Young (Prepare Mixed) (G1 Evacuation Pause) 187M->141M(1024M) 7.463ms
[2024-11-14T09:47:16.458+0000][gc,cpu      ] GC(3) User=0.01s Sys=0.00s Real=0.00s
[2024-11-14T10:08:37.269+0000][gc,start    ] GC(4) Pause Young (Mixed) (Metadata GC Threshold)
[2024-11-14T10:08:37.269+0000][gc,task     ] GC(4) Using 2 workers of 2 for evacuation
[2024-11-14T10:08:37.284+0000][gc,phases   ] GC(4)   Pre Evacuate Collection Set: 0.5ms
[2024-11-14T10:08:37.284+0000][gc,phases   ] GC(4)   Merge Heap Roots: 0.1ms
[2024-11-14T10:08:37.284+0000][gc,phases   ] GC(4)   Evacuate Collection Set: 14.0ms
[2024-11-14T10:08:37.284+0000][gc,phases   ] GC(4)   Post Evacuate Collection Set: 0.6ms
[2024-11-14T10:08:37.284+0000][gc,phases   ] GC(4)   Other: 0.1ms
[2024-11-14T10:08:37.284+0000][gc,heap     ] GC(4) Eden regions: 23->0(50)
[2024-11-14T10:08:37.284+0000][gc,heap     ] GC(4) Survivor regions: 5->1(7)
[2024-11-14T10:08:37.284+0000][gc,heap     ] GC(4) Old regions: 9->14
[2024-11-14T10:08:37.284+0000][gc,heap     ] GC(4) Humongous regions: 129->129
[2024-11-14T10:08:37.284+0000][gc,metaspace] GC(4) Metaspace: 35592K(35968K)->35592K(35968K) NonClass: 31388K(31616K)->31388K(31616K) Class: 4204K(4352K)->4204K(4352K)
[2024-11-14T10:08:37.284+0000][gc          ] GC(4) Pause Young (Mixed) (Metadata GC Threshold) 164M->143M(1024M) 15.400ms
[2024-11-14T10:08:37.284+0000][gc,cpu      ] GC(4) User=0.02s Sys=0.00s Real=0.02s
[2024-11-14T10:11:18.296+0000][gc,start    ] GC(5) Pause Young (Concurrent Start) (Metadata GC Threshold)
[2024-11-14T10:11:18.297+0000][gc,task     ] GC(5) Using 2 workers of 2 for evacuation
[2024-11-14T10:11:18.300+0000][gc,phases   ] GC(5)   Pre Evacuate Collection Set: 0.5ms
[2024-11-14T10:11:18.300+0000][gc,phases   ] GC(5)   Merge Heap Roots: 0.1ms
[2024-11-14T10:11:18.300+0000][gc,phases   ] GC(5)   Evacuate Collection Set: 2.1ms
[2024-11-14T10:11:18.300+0000][gc,phases   ] GC(5)   Post Evacuate Collection Set: 0.4ms
[2024-11-14T10:11:18.300+0000][gc,phases   ] GC(5)   Other: 0.1ms
[2024-11-14T10:11:18.300+0000][gc,heap     ] GC(5) Eden regions: 6->0(50)
[2024-11-14T10:11:18.300+0000][gc,heap     ] GC(5) Survivor regions: 1->1(7)
[2024-11-14T10:11:18.300+0000][gc,heap     ] GC(5) Old regions: 14->14
[2024-11-14T10:11:18.300+0000][gc,heap     ] GC(5) Humongous regions: 129->129
[2024-11-14T10:11:18.300+0000][gc,metaspace] GC(5) Metaspace: 35920K(36288K)->35920K(36288K) NonClass: 31678K(31872K)->31678K(31872K) Class: 4242K(4416K)->4242K(4416K)
[2024-11-14T10:11:18.300+0000][gc          ] GC(5) Pause Young (Concurrent Start) (Metadata GC Threshold) 149M->143M(1024M) 3.259ms
[2024-11-14T10:11:18.300+0000][gc,cpu      ] GC(5) User=0.01s Sys=0.00s Real=0.00s
[2024-11-14T10:11:18.300+0000][gc          ] GC(6) Concurrent Mark Cycle
[2024-11-14T10:11:18.300+0000][gc,marking  ] GC(6) Concurrent Scan Root Regions
[2024-11-14T10:11:18.301+0000][gc,marking  ] GC(6) Concurrent Scan Root Regions 1.067ms
[2024-11-14T10:11:18.301+0000][gc,marking  ] GC(6) Concurrent Mark
[2024-11-14T10:11:18.301+0000][gc,marking  ] GC(6) Concurrent Mark From Roots
[2024-11-14T10:11:18.301+0000][gc,task     ] GC(6) Using 1 workers of 1 for marking
[2024-11-14T10:11:18.319+0000][gc,marking  ] GC(6) Concurrent Mark From Roots 18.038ms
[2024-11-14T10:11:18.319+0000][gc,marking  ] GC(6) Concurrent Preclean
[2024-11-14T10:11:18.319+0000][gc,marking  ] GC(6) Concurrent Preclean 0.113ms
[2024-11-14T10:11:18.319+0000][gc,start    ] GC(6) Pause Remark
[2024-11-14T10:11:18.326+0000][gc          ] GC(6) Pause Remark 143M->143M(1024M) 6.709ms
[2024-11-14T10:11:18.326+0000][gc,cpu      ] GC(6) User=0.01s Sys=0.00s Real=0.01s
[2024-11-14T10:11:18.326+0000][gc,marking  ] GC(6) Concurrent Mark 25.221ms
[2024-11-14T10:11:18.326+0000][gc,marking  ] GC(6) Concurrent Rebuild Remembered Sets and Scrub Regions
[2024-11-14T10:11:18.335+0000][gc,marking  ] GC(6) Concurrent Rebuild Remembered Sets and Scrub Regions 9.127ms
[2024-11-14T10:11:18.335+0000][gc,start    ] GC(6) Pause Cleanup
[2024-11-14T10:11:18.336+0000][gc          ] GC(6) Pause Cleanup 144M->144M(1024M) 0.141ms
[2024-11-14T10:11:18.336+0000][gc,cpu      ] GC(6) User=0.00s Sys=0.00s Real=0.00s
[2024-11-14T10:11:18.336+0000][gc,marking  ] GC(6) Concurrent Clear Claimed Marks
[2024-11-14T10:11:18.336+0000][gc,marking  ] GC(6) Concurrent Clear Claimed Marks 0.027ms
[2024-11-14T10:11:18.336+0000][gc,marking  ] GC(6) Concurrent Cleanup for Next Mark
[2024-11-14T10:11:18.337+0000][gc,marking  ] GC(6) Concurrent Cleanup for Next Mark 1.677ms
[2024-11-14T10:11:18.337+0000][gc          ] GC(6) Concurrent Mark Cycle 37.589ms
[2024-11-14T10:22:07.469+0000][gc,start    ] GC(7) Pause Young (Prepare Mixed) (G1 Evacuation Pause)
[2024-11-14T10:22:07.469+0000][gc,task     ] GC(7) Using 2 workers of 2 for evacuation
[2024-11-14T10:22:07.478+0000][gc,phases   ] GC(7)   Pre Evacuate Collection Set: 0.2ms
[2024-11-14T10:22:07.478+0000][gc,phases   ] GC(7)   Merge Heap Roots: 0.1ms
[2024-11-14T10:22:07.478+0000][gc,phases   ] GC(7)   Evacuate Collection Set: 7.6ms
[2024-11-14T10:22:07.478+0000][gc,phases   ] GC(7)   Post Evacuate Collection Set: 0.5ms
[2024-11-14T10:22:07.478+0000][gc,phases   ] GC(7)   Other: 0.1ms
[2024-11-14T10:22:07.478+0000][gc,heap     ] GC(7) Eden regions: 50->0(46)
[2024-11-14T10:22:07.478+0000][gc,heap     ] GC(7) Survivor regions: 1->5(7)
[2024-11-14T10:22:07.478+0000][gc,heap     ] GC(7) Old regions: 14->14
[2024-11-14T10:22:07.478+0000][gc,heap     ] GC(7) Humongous regions: 129->129
[2024-11-14T10:22:07.478+0000][gc,metaspace] GC(7) Metaspace: 38894K(39360K)->38894K(39360K) NonClass: 34364K(34624K)->34364K(34624K) Class: 4530K(4736K)->4530K(4736K)
[2024-11-14T10:22:07.478+0000][gc          ] GC(7) Pause Young (Prepare Mixed) (G1 Evacuation Pause) 193M->147M(1024M) 8.593ms
[2024-11-14T10:22:07.478+0000][gc,cpu      ] GC(7) User=0.02s Sys=0.00s Real=0.01s
[2024-11-14T10:37:18.092+0000][gc,start    ] GC(8) Pause Young (Mixed) (G1 Evacuation Pause)
[2024-11-14T10:37:18.092+0000][gc,task     ] GC(8) Using 2 workers of 2 for evacuation
[2024-11-14T10:37:18.101+0000][gc,phases   ] GC(8)   Pre Evacuate Collection Set: 0.2ms
[2024-11-14T10:37:18.101+0000][gc,phases   ] GC(8)   Merge Heap Roots: 0.1ms
[2024-11-14T10:37:18.101+0000][gc,phases   ] GC(8)   Evacuate Collection Set: 8.3ms
[2024-11-14T10:37:18.101+0000][gc,phases   ] GC(8)   Post Evacuate Collection Set: 0.4ms
[2024-11-14T10:37:18.101+0000][gc,phases   ] GC(8)   Other: 0.1ms
[2024-11-14T10:37:18.101+0000][gc,heap     ] GC(8) Eden regions: 46->0(48)
[2024-11-14T10:37:18.101+0000][gc,heap     ] GC(8) Survivor regions: 5->3(7)
[2024-11-14T10:37:18.101+0000][gc,heap     ] GC(8) Old regions: 14->16
[2024-11-14T10:37:18.101+0000][gc,heap     ] GC(8) Humongous regions: 129->129
[2024-11-14T10:37:18.101+0000][gc,metaspace] GC(8) Metaspace: 39062K(39552K)->39062K(39552K) NonClass: 34531K(34816K)->34531K(34816K) Class: 4531K(4736K)->4531K(4736K)
[2024-11-14T10:37:18.101+0000][gc          ] GC(8) Pause Young (Mixed) (G1 Evacuation Pause) 193M->146M(1024M) 9.225ms
[2024-11-14T10:37:18.101+0000][gc,cpu      ] GC(8) User=0.02s Sys=0.00s Real=0.00s
[2024-11-14T10:53:56.455+0000][gc,start    ] GC(9) Pause Young (Normal) (G1 Evacuation Pause)
[2024-11-14T10:53:56.455+0000][gc,task     ] GC(9) Using 2 workers of 2 for evacuation
[2024-11-14T10:53:56.461+0000][gc,phases   ] GC(9)   Pre Evacuate Collection Set: 0.2ms
[2024-11-14T10:53:56.461+0000][gc,phases   ] GC(9)   Merge Heap Roots: 0.1ms
[2024-11-14T10:53:56.461+0000][gc,phases   ] GC(9)   Evacuate Collection Set: 4.9ms
[2024-11-14T10:53:56.461+0000][gc,phases   ] GC(9)   Post Evacuate Collection Set: 0.4ms
[2024-11-14T10:53:56.461+0000][gc,phases   ] GC(9)   Other: 0.1ms
[2024-11-14T10:53:56.461+0000][gc,heap     ] GC(9) Eden regions: 48->0(47)
[2024-11-14T10:53:56.461+0000][gc,heap     ] GC(9) Survivor regions: 3->4(7)
[2024-11-14T10:53:56.461+0000][gc,heap     ] GC(9) Old regions: 16->16
[2024-11-14T10:53:56.461+0000][gc,heap     ] GC(9) Humongous regions: 129->129
[2024-11-14T10:53:56.461+0000][gc,metaspace] GC(9) Metaspace: 39126K(39552K)->39126K(39552K) NonClass: 34589K(34816K)->34589K(34816K) Class: 4537K(4736K)->4537K(4736K)
[2024-11-14T10:53:56.461+0000][gc          ] GC(9) Pause Young (Normal) (G1 Evacuation Pause) 194M->147M(1024M) 5.701ms
[2024-11-14T10:53:56.461+0000][gc,cpu      ] GC(9) User=0.01s Sys=0.00s Real=0.00s
[2024-11-14T11:12:13.451+0000][gc,start    ] GC(10) Pause Young (Normal) (G1 Evacuation Pause)
[2024-11-14T11:12:13.451+0000][gc,task     ] GC(10) Using 2 workers of 2 for evacuation
[2024-11-14T11:12:13.457+0000][gc,phases   ] GC(10)   Pre Evacuate Collection Set: 0.2ms
[2024-11-14T11:12:13.457+0000][gc,phases   ] GC(10)   Merge Heap Roots: 0.1ms
[2024-11-14T11:12:13.457+0000][gc,phases   ] GC(10)   Evacuate Collection Set: 5.3ms
[2024-11-14T11:12:13.457+0000][gc,phases   ] GC(10)   Post Evacuate Collection Set: 0.4ms
[2024-11-14T11:12:13.457+0000][gc,phases   ] GC(10)   Other: 0.1ms
[2024-11-14T11:12:13.457+0000][gc,heap     ] GC(10) Eden regions: 47->0(47)
[2024-11-14T11:12:13.457+0000][gc,heap     ] GC(10) Survivor regions: 4->4(7)
[2024-11-14T11:12:13.457+0000][gc,heap     ] GC(10) Old regions: 16->16
[2024-11-14T11:12:13.457+0000][gc,heap     ] GC(10) Humongous regions: 129->129
[2024-11-14T11:12:13.457+0000][gc,metaspace] GC(10) Metaspace: 39172K(39680K)->39172K(39680K) NonClass: 34634K(34944K)->34634K(34944K) Class: 4538K(4736K)->4538K(4736K)
[2024-11-14T11:12:13.457+0000][gc          ] GC(10) Pause Young (Normal) (G1 Evacuation Pause) 194M->147M(1024M) 6.104ms
[2024-11-14T11:12:13.457+0000][gc,cpu      ] GC(10) User=0.01s Sys=0.00s Real=0.00s
[2024-11-14T11:30:40.715+0000][gc,start    ] GC(11) Pause Young (Normal) (G1 Evacuation Pause)
[2024-11-14T11:30:40.715+0000][gc,task     ] GC(11) Using 2 workers of 2 for evacuation
[2024-11-14T11:30:40.720+0000][gc,phases   ] GC(11)   Pre Evacuate Collection Set: 0.2ms
[2024-11-14T11:30:40.720+0000][gc,phases   ] GC(11)   Merge Heap Roots: 0.1ms
[2024-11-14T11:30:40.720+0000][gc,phases   ] GC(11)   Evacuate Collection Set: 4.1ms
[2024-11-14T11:30:40.720+0000][gc,phases   ] GC(11)   Post Evacuate Collection Set: 0.4ms
[2024-11-14T11:30:40.720+0000][gc,phases   ] GC(11)   Other: 0.1ms
[2024-11-14T11:30:40.720+0000][gc,heap     ] GC(11) Eden regions: 47->0(48)
[2024-11-14T11:30:40.720+0000][gc,heap     ] GC(11) Survivor regions: 4->3(7)
[2024-11-14T11:30:40.720+0000][gc,heap     ] GC(11) Old regions: 16->16
[2024-11-14T11:30:40.720+0000][gc,heap     ] GC(11) Humongous regions: 129->129
[2024-11-14T11:30:40.720+0000][gc,metaspace] GC(11) Metaspace: 39190K(39680K)->39190K(39680K) NonClass: 34652K(34944K)->34652K(34944K) Class: 4538K(4736K)->4538K(4736K)
[2024-11-14T11:30:40.720+0000][gc          ] GC(11) Pause Young (Normal) (G1 Evacuation Pause) 194M->147M(1024M) 4.979ms
[2024-11-14T11:30:40.720+0000][gc,cpu      ] GC(11) User=0.01s Sys=0.00s Real=0.00s
[2024-11-14T11:48:26.279+0000][gc,start    ] GC(12) Pause Young (Normal) (G1 Evacuation Pause)
[2024-11-14T11:48:26.279+0000][gc,task     ] GC(12) Using 2 workers of 2 for evacuation
[2024-11-14T11:48:26.284+0000][gc,phases   ] GC(12)   Pre Evacuate Collection Set: 0.2ms
[2024-11-14T11:48:26.284+0000][gc,phases   ] GC(12)   Merge Heap Roots: 0.1ms
[2024-11-14T11:48:26.284+0000][gc,phases   ] GC(12)   Evacuate Collection Set: 4.4ms
[2024-11-14T11:48:26.284+0000][gc,phases   ] GC(12)   Post Evacuate Collection Set: 0.4ms
[2024-11-14T11:48:26.284+0000][gc,phases   ] GC(12)   Other: 0.1ms
[2024-11-14T11:48:26.284+0000][gc,heap     ] GC(12) Eden regions: 48->0(48)
[2024-11-14T11:48:26.284+0000][gc,heap     ] GC(12) Survivor regions: 3->3(7)
[2024-11-14T11:48:26.284+0000][gc,heap     ] GC(12) Old regions: 16->16
[2024-11-14T11:48:26.284+0000][gc,heap     ] GC(12) Humongous regions: 129->129
[2024-11-14T11:48:26.284+0000][gc,metaspace] GC(12) Metaspace: 39227K(39744K)->39227K(39744K) NonClass: 34689K(35008K)->34689K(35008K) Class: 4538K(4736K)->4538K(4736K)
[2024-11-14T11:48:26.284+0000][gc          ] GC(12) Pause Young (Normal) (G1 Evacuation Pause) 195M->147M(1024M) 5.331ms
[2024-11-14T11:48:26.284+0000][gc,cpu      ] GC(12) User=0.01s Sys=0.00s Real=0.01s
