[2024-11-14T12:49:12.403+0000][gc,init] CardTable entry size: 512
[2024-11-14T12:49:12.403+0000][gc     ] Using G1
[2024-11-14T12:49:12.410+0000][gc,init] Version: 21.0.4+7-LTS (release)
[2024-11-14T12:49:12.410+0000][gc,init] CPUs: 2 total, 2 available
[2024-11-14T12:49:12.410+0000][gc,init] Memory: 7928M
[2024-11-14T12:49:12.410+0000][gc,init] Large Page Support: Disabled
[2024-11-14T12:49:12.410+0000][gc,init] NUMA Support: Disabled
[2024-11-14T12:49:12.410+0000][gc,init] Compressed Oops: Enabled (32-bit)
[2024-11-14T12:49:12.410+0000][gc,init] Heap Region Size: 1M
[2024-11-14T12:49:12.410+0000][gc,init] Heap Min Capacity: 1G
[2024-11-14T12:49:12.410+0000][gc,init] Heap Initial Capacity: 1G
[2024-11-14T12:49:12.410+0000][gc,init] Heap Max Capacity: 1G
[2024-11-14T12:49:12.410+0000][gc,init] Pre-touch: Disabled
[2024-11-14T12:49:12.410+0000][gc,init] Parallel Workers: 2
[2024-11-14T12:49:12.410+0000][gc,init] Concurrent Workers: 1
[2024-11-14T12:49:12.410+0000][gc,init] Concurrent Refinement Workers: 2
[2024-11-14T12:49:12.410+0000][gc,init] Periodic GC: Disabled
[2024-11-14T12:49:12.416+0000][gc,metaspace] CDS archive(s) mapped at: [0x00007fa7ff000000-0x00007fa7ffcae000-0x00007fa7ffcae000), size 13295616, SharedBaseAddress: 0x00007fa7ff000000, ArchiveRelocationMode: 1.
[2024-11-14T12:49:12.416+0000][gc,metaspace] Compressed class space mapped at: 0x00007fa800000000-0x00007fa840000000, reserved size: 1073741824
[2024-11-14T12:49:12.416+0000][gc,metaspace] Narrow klass base: 0x00007fa7ff000000, Narrow klass shift: 0, Narrow klass range: 0x100000000
[2024-11-14T12:49:13.885+0000][gc,start    ] GC(0) Pause Young (Normal) (G1 Evacuation Pause)
[2024-11-14T12:49:13.886+0000][gc,task     ] GC(0) Using 2 workers of 2 for evacuation
[2024-11-14T12:49:13.903+0000][gc,phases   ] GC(0)   Pre Evacuate Collection Set: 1.5ms
[2024-11-14T12:49:13.903+0000][gc,phases   ] GC(0)   Merge Heap Roots: 0.1ms
[2024-11-14T12:49:13.903+0000][gc,phases   ] GC(0)   Evacuate Collection Set: 14.4ms
[2024-11-14T12:49:13.903+0000][gc,phases   ] GC(0)   Post Evacuate Collection Set: 0.6ms
[2024-11-14T12:49:13.903+0000][gc,phases   ] GC(0)   Other: 0.3ms
[2024-11-14T12:49:13.903+0000][gc,heap     ] GC(0) Eden regions: 51->0(44)
[2024-11-14T12:49:13.903+0000][gc,heap     ] GC(0) Survivor regions: 0->7(7)
[2024-11-14T12:49:13.903+0000][gc,heap     ] GC(0) Old regions: 2->3
[2024-11-14T12:49:13.903+0000][gc,heap     ] GC(0) Humongous regions: 0->0
[2024-11-14T12:49:13.903+0000][gc,metaspace] GC(0) Metaspace: 19855K(20096K)->19855K(20096K) NonClass: 17300K(17408K)->17300K(17408K) Class: 2554K(2688K)->2554K(2688K)
[2024-11-14T12:49:13.903+0000][gc          ] GC(0) Pause Young (Normal) (G1 Evacuation Pause) 52M->8M(1024M) 17.206ms
[2024-11-14T12:49:13.903+0000][gc,cpu      ] GC(0) User=0.03s Sys=0.00s Real=0.01s
[2024-11-14T12:49:14.029+0000][gc,start    ] GC(1) Pause Young (Concurrent Start) (Metadata GC Threshold)
[2024-11-14T12:49:14.029+0000][gc,task     ] GC(1) Using 2 workers of 2 for evacuation
[2024-11-14T12:49:14.037+0000][gc,phases   ] GC(1)   Pre Evacuate Collection Set: 0.2ms
[2024-11-14T12:49:14.037+0000][gc,phases   ] GC(1)   Merge Heap Roots: 0.0ms
[2024-11-14T12:49:14.037+0000][gc,phases   ] GC(1)   Evacuate Collection Set: 7.4ms
[2024-11-14T12:49:14.037+0000][gc,phases   ] GC(1)   Post Evacuate Collection Set: 0.4ms
[2024-11-14T12:49:14.037+0000][gc,phases   ] GC(1)   Other: 0.1ms
[2024-11-14T12:49:14.037+0000][gc,heap     ] GC(1) Eden regions: 6->0(49)
[2024-11-14T12:49:14.037+0000][gc,heap     ] GC(1) Survivor regions: 7->2(7)
[2024-11-14T12:49:14.037+0000][gc,heap     ] GC(1) Old regions: 3->9
[2024-11-14T12:49:14.037+0000][gc,heap     ] GC(1) Humongous regions: 129->129
[2024-11-14T12:49:14.037+0000][gc,metaspace] GC(1) Metaspace: 21252K(21504K)->21252K(21504K) NonClass: 18500K(18624K)->18500K(18624K) Class: 2752K(2880K)->2752K(2880K)
[2024-11-14T12:49:14.037+0000][gc          ] GC(1) Pause Young (Concurrent Start) (Metadata GC Threshold) 142M->138M(1024M) 8.223ms
[2024-11-14T12:49:14.037+0000][gc,cpu      ] GC(1) User=0.01s Sys=0.00s Real=0.01s
[2024-11-14T12:49:14.037+0000][gc          ] GC(2) Concurrent Mark Cycle
[2024-11-14T12:49:14.037+0000][gc,marking  ] GC(2) Concurrent Scan Root Regions
[2024-11-14T12:49:14.041+0000][gc,marking  ] GC(2) Concurrent Scan Root Regions 3.902ms
[2024-11-14T12:49:14.042+0000][gc,marking  ] GC(2) Concurrent Mark
[2024-11-14T12:49:14.042+0000][gc,marking  ] GC(2) Concurrent Mark From Roots
[2024-11-14T12:49:14.042+0000][gc,task     ] GC(2) Using 1 workers of 1 for marking
[2024-11-14T12:49:14.044+0000][gc,marking  ] GC(2) Concurrent Mark From Roots 1.988ms
[2024-11-14T12:49:14.044+0000][gc,marking  ] GC(2) Concurrent Preclean
[2024-11-14T12:49:14.044+0000][gc,marking  ] GC(2) Concurrent Preclean 0.034ms
[2024-11-14T12:49:14.045+0000][gc,start    ] GC(2) Pause Remark
[2024-11-14T12:49:14.047+0000][gc          ] GC(2) Pause Remark 139M->139M(1024M) 2.877ms
[2024-11-14T12:49:14.047+0000][gc,cpu      ] GC(2) User=0.01s Sys=0.00s Real=0.00s
[2024-11-14T12:49:14.047+0000][gc,marking  ] GC(2) Concurrent Mark 5.666ms
[2024-11-14T12:49:14.048+0000][gc,marking  ] GC(2) Concurrent Rebuild Remembered Sets and Scrub Regions
[2024-11-14T12:49:14.051+0000][gc,marking  ] GC(2) Concurrent Rebuild Remembered Sets and Scrub Regions 3.312ms
[2024-11-14T12:49:14.051+0000][gc,start    ] GC(2) Pause Cleanup
[2024-11-14T12:49:14.051+0000][gc          ] GC(2) Pause Cleanup 139M->139M(1024M) 0.160ms
[2024-11-14T12:49:14.051+0000][gc,cpu      ] GC(2) User=0.00s Sys=0.00s Real=0.00s
[2024-11-14T12:49:14.051+0000][gc,marking  ] GC(2) Concurrent Clear Claimed Marks
[2024-11-14T12:49:14.051+0000][gc,marking  ] GC(2) Concurrent Clear Claimed Marks 0.026ms
[2024-11-14T12:49:14.051+0000][gc,marking  ] GC(2) Concurrent Cleanup for Next Mark
[2024-11-14T12:49:14.060+0000][gc,marking  ] GC(2) Concurrent Cleanup for Next Mark 8.563ms
[2024-11-14T12:49:14.060+0000][gc          ] GC(2) Concurrent Mark Cycle 22.399ms
[2024-11-14T12:49:22.275+0000][gc,start    ] GC(3) Pause Young (Prepare Mixed) (G1 Evacuation Pause)
[2024-11-14T12:49:22.275+0000][gc,task     ] GC(3) Using 2 workers of 2 for evacuation
[2024-11-14T12:49:22.283+0000][gc,phases   ] GC(3)   Pre Evacuate Collection Set: 0.2ms
[2024-11-14T12:49:22.283+0000][gc,phases   ] GC(3)   Merge Heap Roots: 0.1ms
[2024-11-14T12:49:22.283+0000][gc,phases   ] GC(3)   Evacuate Collection Set: 6.7ms
[2024-11-14T12:49:22.283+0000][gc,phases   ] GC(3)   Post Evacuate Collection Set: 0.4ms
[2024-11-14T12:49:22.283+0000][gc,phases   ] GC(3)   Other: 0.1ms
[2024-11-14T12:49:22.283+0000][gc,heap     ] GC(3) Eden regions: 49->0(45)
[2024-11-14T12:49:22.283+0000][gc,heap     ] GC(3) Survivor regions: 2->6(7)
[2024-11-14T12:49:22.283+0000][gc,heap     ] GC(3) Old regions: 9->9
[2024-11-14T12:49:22.283+0000][gc,heap     ] GC(3) Humongous regions: 129->129
[2024-11-14T12:49:22.283+0000][gc,metaspace] GC(3) Metaspace: 33636K(33984K)->33636K(33984K) NonClass: 29665K(29888K)->29665K(29888K) Class: 3970K(4096K)->3970K(4096K)
[2024-11-14T12:49:22.283+0000][gc          ] GC(3) Pause Young (Prepare Mixed) (G1 Evacuation Pause) 187M->142M(1024M) 7.714ms
[2024-11-14T12:49:22.283+0000][gc,cpu      ] GC(3) User=0.01s Sys=0.00s Real=0.01s
[2024-11-14T12:49:43.965+0000][gc,start    ] GC(4) Pause Young (Mixed) (Metadata GC Threshold)
[2024-11-14T12:49:43.965+0000][gc,task     ] GC(4) Using 2 workers of 2 for evacuation
[2024-11-14T12:49:43.973+0000][gc,phases   ] GC(4)   Pre Evacuate Collection Set: 0.2ms
[2024-11-14T12:49:43.973+0000][gc,phases   ] GC(4)   Merge Heap Roots: 0.0ms
[2024-11-14T12:49:43.973+0000][gc,phases   ] GC(4)   Evacuate Collection Set: 7.3ms
[2024-11-14T12:49:43.973+0000][gc,phases   ] GC(4)   Post Evacuate Collection Set: 0.5ms
[2024-11-14T12:49:43.973+0000][gc,phases   ] GC(4)   Other: 0.1ms
[2024-11-14T12:49:43.973+0000][gc,heap     ] GC(4) Eden regions: 10->0(50)
[2024-11-14T12:49:43.973+0000][gc,heap     ] GC(4) Survivor regions: 6->1(7)
[2024-11-14T12:49:43.973+0000][gc,heap     ] GC(4) Old regions: 9->14
[2024-11-14T12:49:43.973+0000][gc,heap     ] GC(4) Humongous regions: 129->129
[2024-11-14T12:49:43.973+0000][gc,metaspace] GC(4) Metaspace: 35730K(36096K)->35730K(36096K) NonClass: 31473K(31680K)->31473K(31680K) Class: 4256K(4416K)->4256K(4416K)
[2024-11-14T12:49:43.973+0000][gc          ] GC(4) Pause Young (Mixed) (Metadata GC Threshold) 151M->143M(1024M) 8.363ms
[2024-11-14T12:49:43.973+0000][gc,cpu      ] GC(4) User=0.01s Sys=0.01s Real=0.00s
[2024-11-14T13:03:10.963+0000][gc,start    ] GC(5) Pause Young (Concurrent Start) (Metadata GC Threshold)
[2024-11-14T13:03:10.963+0000][gc,task     ] GC(5) Using 2 workers of 2 for evacuation
[2024-11-14T13:03:10.965+0000][gc,phases   ] GC(5)   Pre Evacuate Collection Set: 0.5ms
[2024-11-14T13:03:10.965+0000][gc,phases   ] GC(5)   Merge Heap Roots: 0.0ms
[2024-11-14T13:03:10.965+0000][gc,phases   ] GC(5)   Evacuate Collection Set: 1.2ms
[2024-11-14T13:03:10.965+0000][gc,phases   ] GC(5)   Post Evacuate Collection Set: 0.4ms
[2024-11-14T13:03:10.965+0000][gc,phases   ] GC(5)   Other: 0.1ms
[2024-11-14T13:03:10.965+0000][gc,heap     ] GC(5) Eden regions: 12->0(50)
[2024-11-14T13:03:10.965+0000][gc,heap     ] GC(5) Survivor regions: 1->1(7)
[2024-11-14T13:03:10.965+0000][gc,heap     ] GC(5) Old regions: 14->14
[2024-11-14T13:03:10.965+0000][gc,heap     ] GC(5) Humongous regions: 129->129
[2024-11-14T13:03:10.965+0000][gc,metaspace] GC(5) Metaspace: 36002K(36416K)->36002K(36416K) NonClass: 31726K(31936K)->31726K(31936K) Class: 4275K(4480K)->4275K(4480K)
[2024-11-14T13:03:10.965+0000][gc          ] GC(5) Pause Young (Concurrent Start) (Metadata GC Threshold) 154M->142M(1024M) 2.428ms
[2024-11-14T13:03:10.965+0000][gc,cpu      ] GC(5) User=0.00s Sys=0.00s Real=0.01s
[2024-11-14T13:03:10.965+0000][gc          ] GC(6) Concurrent Mark Cycle
[2024-11-14T13:03:10.965+0000][gc,marking  ] GC(6) Concurrent Scan Root Regions
[2024-11-14T13:03:10.966+0000][gc,marking  ] GC(6) Concurrent Scan Root Regions 0.790ms
[2024-11-14T13:03:10.966+0000][gc,marking  ] GC(6) Concurrent Mark
[2024-11-14T13:03:10.966+0000][gc,marking  ] GC(6) Concurrent Mark From Roots
[2024-11-14T13:03:10.966+0000][gc,task     ] GC(6) Using 1 workers of 1 for marking
[2024-11-14T13:03:10.979+0000][gc,marking  ] GC(6) Concurrent Mark From Roots 12.621ms
[2024-11-14T13:03:10.979+0000][gc,marking  ] GC(6) Concurrent Preclean
[2024-11-14T13:03:10.979+0000][gc,marking  ] GC(6) Concurrent Preclean 0.043ms
[2024-11-14T13:03:10.979+0000][gc,start    ] GC(6) Pause Remark
[2024-11-14T13:03:10.983+0000][gc          ] GC(6) Pause Remark 143M->143M(1024M) 3.798ms
[2024-11-14T13:03:10.983+0000][gc,cpu      ] GC(6) User=0.00s Sys=0.00s Real=0.00s
[2024-11-14T13:03:10.983+0000][gc,marking  ] GC(6) Concurrent Mark 16.634ms
[2024-11-14T13:03:10.983+0000][gc,marking  ] GC(6) Concurrent Rebuild Remembered Sets and Scrub Regions
[2024-11-14T13:03:10.987+0000][gc,marking  ] GC(6) Concurrent Rebuild Remembered Sets and Scrub Regions 4.752ms
[2024-11-14T13:03:10.987+0000][gc,start    ] GC(6) Pause Cleanup
[2024-11-14T13:03:10.988+0000][gc          ] GC(6) Pause Cleanup 143M->143M(1024M) 0.148ms
[2024-11-14T13:03:10.988+0000][gc,cpu      ] GC(6) User=0.00s Sys=0.00s Real=0.00s
[2024-11-14T13:03:10.988+0000][gc,marking  ] GC(6) Concurrent Clear Claimed Marks
[2024-11-14T13:03:10.988+0000][gc,marking  ] GC(6) Concurrent Clear Claimed Marks 0.028ms
[2024-11-14T13:03:10.988+0000][gc,marking  ] GC(6) Concurrent Cleanup for Next Mark
[2024-11-14T13:03:10.989+0000][gc,marking  ] GC(6) Concurrent Cleanup for Next Mark 1.304ms
[2024-11-14T13:03:10.989+0000][gc          ] GC(6) Concurrent Mark Cycle 23.859ms
[2024-11-14T13:26:24.121+0000][gc,heap,exit] Heap
[2024-11-14T13:26:24.121+0000][gc,heap,exit]  garbage-first heap   total 1048576K, used 172688K [0x00000000c0000000, 0x0000000100000000)
[2024-11-14T13:26:24.121+0000][gc,heap,exit]   region size 1024K, 27 young (27648K), 1 survivors (1024K)
[2024-11-14T13:26:24.121+0000][gc,heap,exit]  Metaspace       used 37139K, committed 37568K, reserved 1114112K
[2024-11-14T13:26:24.121+0000][gc,heap,exit]   class space    used 4451K, committed 4608K, reserved 1048576K
