[2024-11-14T13:27:00.019+0000][gc,init] CardTable entry size: 512
[2024-11-14T13:27:00.019+0000][gc     ] Using G1
[2024-11-14T13:27:00.026+0000][gc,init] Version: 21.0.4+7-LTS (release)
[2024-11-14T13:27:00.026+0000][gc,init] CPUs: 2 total, 2 available
[2024-11-14T13:27:00.026+0000][gc,init] Memory: 7928M
[2024-11-14T13:27:00.026+0000][gc,init] Large Page Support: Disabled
[2024-11-14T13:27:00.026+0000][gc,init] NUMA Support: Disabled
[2024-11-14T13:27:00.026+0000][gc,init] Compressed Oops: Enabled (32-bit)
[2024-11-14T13:27:00.026+0000][gc,init] Heap Region Size: 1M
[2024-11-14T13:27:00.026+0000][gc,init] Heap Min Capacity: 1G
[2024-11-14T13:27:00.026+0000][gc,init] Heap Initial Capacity: 1G
[2024-11-14T13:27:00.026+0000][gc,init] Heap Max Capacity: 1G
[2024-11-14T13:27:00.026+0000][gc,init] Pre-touch: Disabled
[2024-11-14T13:27:00.026+0000][gc,init] Parallel Workers: 2
[2024-11-14T13:27:00.026+0000][gc,init] Concurrent Workers: 1
[2024-11-14T13:27:00.026+0000][gc,init] Concurrent Refinement Workers: 2
[2024-11-14T13:27:00.026+0000][gc,init] Periodic GC: Disabled
[2024-11-14T13:27:00.032+0000][gc,metaspace] CDS archive(s) mapped at: [0x000079d0a7000000-0x000079d0a7cae000-0x000079d0a7cae000), size 13295616, SharedBaseAddress: 0x000079d0a7000000, ArchiveRelocationMode: 1.
[2024-11-14T13:27:00.032+0000][gc,metaspace] Compressed class space mapped at: 0x000079d0a8000000-0x000079d0e8000000, reserved size: 1073741824
[2024-11-14T13:27:00.032+0000][gc,metaspace] Narrow klass base: 0x000079d0a7000000, Narrow klass shift: 0, Narrow klass range: 0x100000000
[2024-11-14T13:27:01.302+0000][gc,start    ] GC(0) Pause Young (Normal) (G1 Evacuation Pause)
[2024-11-14T13:27:01.302+0000][gc,task     ] GC(0) Using 2 workers of 2 for evacuation
[2024-11-14T13:27:01.311+0000][gc,phases   ] GC(0)   Pre Evacuate Collection Set: 0.1ms
[2024-11-14T13:27:01.311+0000][gc,phases   ] GC(0)   Merge Heap Roots: 0.0ms
[2024-11-14T13:27:01.311+0000][gc,phases   ] GC(0)   Evacuate Collection Set: 7.1ms
[2024-11-14T13:27:01.311+0000][gc,phases   ] GC(0)   Post Evacuate Collection Set: 1.7ms
[2024-11-14T13:27:01.311+0000][gc,phases   ] GC(0)   Other: 0.1ms
[2024-11-14T13:27:01.311+0000][gc,heap     ] GC(0) Eden regions: 51->0(44)
[2024-11-14T13:27:01.311+0000][gc,heap     ] GC(0) Survivor regions: 0->7(7)
[2024-11-14T13:27:01.311+0000][gc,heap     ] GC(0) Old regions: 2->2
[2024-11-14T13:27:01.311+0000][gc,heap     ] GC(0) Humongous regions: 0->0
[2024-11-14T13:27:01.311+0000][gc,metaspace] GC(0) Metaspace: 19950K(20224K)->19950K(20224K) NonClass: 17398K(17536K)->17398K(17536K) Class: 2552K(2688K)->2552K(2688K)
[2024-11-14T13:27:01.311+0000][gc          ] GC(0) Pause Young (Normal) (G1 Evacuation Pause) 52M->7M(1024M) 9.418ms
[2024-11-14T13:27:01.311+0000][gc,cpu      ] GC(0) User=0.02s Sys=0.00s Real=0.01s
[2024-11-14T13:27:01.381+0000][gc,start    ] GC(1) Pause Young (Concurrent Start) (Metadata GC Threshold)
[2024-11-14T13:27:01.381+0000][gc,task     ] GC(1) Using 2 workers of 2 for evacuation
[2024-11-14T13:27:01.389+0000][gc,phases   ] GC(1)   Pre Evacuate Collection Set: 0.2ms
[2024-11-14T13:27:01.389+0000][gc,phases   ] GC(1)   Merge Heap Roots: 0.0ms
[2024-11-14T13:27:01.389+0000][gc,phases   ] GC(1)   Evacuate Collection Set: 7.1ms
[2024-11-14T13:27:01.389+0000][gc,phases   ] GC(1)   Post Evacuate Collection Set: 0.4ms
[2024-11-14T13:27:01.389+0000][gc,phases   ] GC(1)   Other: 0.1ms
[2024-11-14T13:27:01.389+0000][gc,heap     ] GC(1) Eden regions: 5->0(50)
[2024-11-14T13:27:01.389+0000][gc,heap     ] GC(1) Survivor regions: 7->1(7)
[2024-11-14T13:27:01.389+0000][gc,heap     ] GC(1) Old regions: 2->9
[2024-11-14T13:27:01.389+0000][gc,heap     ] GC(1) Humongous regions: 0->0
[2024-11-14T13:27:01.389+0000][gc,metaspace] GC(1) Metaspace: 21300K(21504K)->21300K(21504K) NonClass: 18588K(18688K)->18588K(18688K) Class: 2711K(2816K)->2711K(2816K)
[2024-11-14T13:27:01.389+0000][gc          ] GC(1) Pause Young (Concurrent Start) (Metadata GC Threshold) 12M->9M(1024M) 8.047ms
[2024-11-14T13:27:01.389+0000][gc,cpu      ] GC(1) User=0.02s Sys=0.00s Real=0.01s
[2024-11-14T13:27:01.389+0000][gc          ] GC(2) Concurrent Mark Cycle
[2024-11-14T13:27:01.389+0000][gc,marking  ] GC(2) Concurrent Scan Root Regions
[2024-11-14T13:27:01.394+0000][gc,marking  ] GC(2) Concurrent Scan Root Regions 4.658ms
[2024-11-14T13:27:01.394+0000][gc,marking  ] GC(2) Concurrent Mark
[2024-11-14T13:27:01.394+0000][gc,marking  ] GC(2) Concurrent Mark From Roots
[2024-11-14T13:27:01.394+0000][gc,task     ] GC(2) Using 1 workers of 1 for marking
[2024-11-14T13:27:01.396+0000][gc,marking  ] GC(2) Concurrent Mark From Roots 1.863ms
[2024-11-14T13:27:01.396+0000][gc,marking  ] GC(2) Concurrent Preclean
[2024-11-14T13:27:01.396+0000][gc,marking  ] GC(2) Concurrent Preclean 0.019ms
[2024-11-14T13:27:01.396+0000][gc,start    ] GC(2) Pause Remark
[2024-11-14T13:27:01.399+0000][gc          ] GC(2) Pause Remark 9M->9M(1024M) 2.778ms
[2024-11-14T13:27:01.399+0000][gc,cpu      ] GC(2) User=0.00s Sys=0.00s Real=0.00s
[2024-11-14T13:27:01.399+0000][gc,marking  ] GC(2) Concurrent Mark 4.962ms
[2024-11-14T13:27:01.399+0000][gc,marking  ] GC(2) Concurrent Rebuild Remembered Sets and Scrub Regions
[2024-11-14T13:27:01.407+0000][gc,marking  ] GC(2) Concurrent Rebuild Remembered Sets and Scrub Regions 8.067ms
[2024-11-14T13:27:01.407+0000][gc,start    ] GC(2) Pause Cleanup
[2024-11-14T13:27:01.407+0000][gc          ] GC(2) Pause Cleanup 9M->9M(1024M) 0.182ms
[2024-11-14T13:27:01.407+0000][gc,cpu      ] GC(2) User=0.00s Sys=0.00s Real=0.00s
[2024-11-14T13:27:01.407+0000][gc,marking  ] GC(2) Concurrent Clear Claimed Marks
[2024-11-14T13:27:01.407+0000][gc,marking  ] GC(2) Concurrent Clear Claimed Marks 0.023ms
[2024-11-14T13:27:01.407+0000][gc,marking  ] GC(2) Concurrent Cleanup for Next Mark
[2024-11-14T13:27:01.413+0000][gc,marking  ] GC(2) Concurrent Cleanup for Next Mark 5.150ms
[2024-11-14T13:27:01.413+0000][gc          ] GC(2) Concurrent Mark Cycle 23.584ms
[2024-11-14T13:27:02.316+0000][gc,start    ] GC(3) Pause Young (Prepare Mixed) (G1 Evacuation Pause)
[2024-11-14T13:27:02.316+0000][gc,task     ] GC(3) Using 2 workers of 2 for evacuation
[2024-11-14T13:27:02.323+0000][gc,phases   ] GC(3)   Pre Evacuate Collection Set: 0.2ms
[2024-11-14T13:27:02.323+0000][gc,phases   ] GC(3)   Merge Heap Roots: 0.1ms
[2024-11-14T13:27:02.323+0000][gc,phases   ] GC(3)   Evacuate Collection Set: 6.5ms
[2024-11-14T13:27:02.323+0000][gc,phases   ] GC(3)   Post Evacuate Collection Set: 0.4ms
[2024-11-14T13:27:02.323+0000][gc,phases   ] GC(3)   Other: 0.0ms
[2024-11-14T13:27:02.323+0000][gc,heap     ] GC(3) Eden regions: 50->0(45)
[2024-11-14T13:27:02.323+0000][gc,heap     ] GC(3) Survivor regions: 1->6(7)
[2024-11-14T13:27:02.323+0000][gc,heap     ] GC(3) Old regions: 9->9
[2024-11-14T13:27:02.323+0000][gc,heap     ] GC(3) Humongous regions: 129->129
[2024-11-14T13:27:02.323+0000][gc,metaspace] GC(3) Metaspace: 33502K(33856K)->33502K(33856K) NonClass: 29604K(29824K)->29604K(29824K) Class: 3897K(4032K)->3897K(4032K)
[2024-11-14T13:27:02.323+0000][gc          ] GC(3) Pause Young (Prepare Mixed) (G1 Evacuation Pause) 188M->142M(1024M) 7.334ms
[2024-11-14T13:27:02.323+0000][gc,cpu      ] GC(3) User=0.01s Sys=0.00s Real=0.00s
[2024-11-14T13:28:26.451+0000][gc,start    ] GC(4) Pause Young (Mixed) (Metadata GC Threshold)
[2024-11-14T13:28:26.452+0000][gc,task     ] GC(4) Using 2 workers of 2 for evacuation
[2024-11-14T13:28:26.471+0000][gc,phases   ] GC(4)   Pre Evacuate Collection Set: 0.3ms
[2024-11-14T13:28:26.471+0000][gc,phases   ] GC(4)   Merge Heap Roots: 0.0ms
[2024-11-14T13:28:26.472+0000][gc,phases   ] GC(4)   Evacuate Collection Set: 18.9ms
[2024-11-14T13:28:26.472+0000][gc,phases   ] GC(4)   Post Evacuate Collection Set: 0.5ms
[2024-11-14T13:28:26.472+0000][gc,phases   ] GC(4)   Other: 0.1ms
[2024-11-14T13:28:26.472+0000][gc,heap     ] GC(4) Eden regions: 11->0(50)
[2024-11-14T13:28:26.472+0000][gc,heap     ] GC(4) Survivor regions: 6->1(7)
[2024-11-14T13:28:26.472+0000][gc,heap     ] GC(4) Old regions: 9->13
[2024-11-14T13:28:26.472+0000][gc,heap     ] GC(4) Humongous regions: 129->129
[2024-11-14T13:28:26.472+0000][gc,metaspace] GC(4) Metaspace: 35539K(35968K)->35539K(35968K) NonClass: 31323K(31552K)->31323K(31552K) Class: 4216K(4416K)->4216K(4416K)
[2024-11-14T13:28:26.472+0000][gc          ] GC(4) Pause Young (Mixed) (Metadata GC Threshold) 153M->142M(1024M) 20.525ms
[2024-11-14T13:28:26.472+0000][gc,cpu      ] GC(4) User=0.01s Sys=0.00s Real=0.02s
[2024-11-14T13:28:59.944+0000][gc,start    ] GC(5) Pause Young (Concurrent Start) (Metadata GC Threshold)
[2024-11-14T13:28:59.944+0000][gc,task     ] GC(5) Using 2 workers of 2 for evacuation
[2024-11-14T13:28:59.946+0000][gc,phases   ] GC(5)   Pre Evacuate Collection Set: 0.2ms
[2024-11-14T13:28:59.946+0000][gc,phases   ] GC(5)   Merge Heap Roots: 0.0ms
[2024-11-14T13:28:59.946+0000][gc,phases   ] GC(5)   Evacuate Collection Set: 1.4ms
[2024-11-14T13:28:59.946+0000][gc,phases   ] GC(5)   Post Evacuate Collection Set: 0.3ms
[2024-11-14T13:28:59.946+0000][gc,phases   ] GC(5)   Other: 0.1ms
[2024-11-14T13:28:59.946+0000][gc,heap     ] GC(5) Eden regions: 5->0(50)
[2024-11-14T13:28:59.946+0000][gc,heap     ] GC(5) Survivor regions: 1->1(7)
[2024-11-14T13:28:59.946+0000][gc,heap     ] GC(5) Old regions: 13->13
[2024-11-14T13:28:59.946+0000][gc,heap     ] GC(5) Humongous regions: 129->129
[2024-11-14T13:28:59.946+0000][gc,metaspace] GC(5) Metaspace: 35790K(36288K)->35790K(36288K) NonClass: 31535K(31872K)->31535K(31872K) Class: 4254K(4416K)->4254K(4416K)
[2024-11-14T13:28:59.946+0000][gc          ] GC(5) Pause Young (Concurrent Start) (Metadata GC Threshold) 147M->142M(1024M) 2.263ms
[2024-11-14T13:28:59.946+0000][gc,cpu      ] GC(5) User=0.00s Sys=0.00s Real=0.00s
[2024-11-14T13:28:59.946+0000][gc          ] GC(6) Concurrent Mark Cycle
[2024-11-14T13:28:59.946+0000][gc,marking  ] GC(6) Concurrent Scan Root Regions
[2024-11-14T13:28:59.951+0000][gc,marking  ] GC(6) Concurrent Scan Root Regions 4.752ms
[2024-11-14T13:28:59.951+0000][gc,marking  ] GC(6) Concurrent Mark
[2024-11-14T13:28:59.951+0000][gc,marking  ] GC(6) Concurrent Mark From Roots
[2024-11-14T13:28:59.951+0000][gc,task     ] GC(6) Using 1 workers of 1 for marking
[2024-11-14T13:28:59.970+0000][gc,marking  ] GC(6) Concurrent Mark From Roots 18.808ms
[2024-11-14T13:28:59.970+0000][gc,marking  ] GC(6) Concurrent Preclean
[2024-11-14T13:28:59.970+0000][gc,marking  ] GC(6) Concurrent Preclean 0.140ms
[2024-11-14T13:28:59.970+0000][gc,start    ] GC(6) Pause Remark
[2024-11-14T13:28:59.974+0000][gc          ] GC(6) Pause Remark 143M->143M(1024M) 3.476ms
[2024-11-14T13:28:59.974+0000][gc,cpu      ] GC(6) User=0.00s Sys=0.00s Real=0.00s
[2024-11-14T13:28:59.974+0000][gc,marking  ] GC(6) Concurrent Mark 22.830ms
[2024-11-14T13:28:59.974+0000][gc,marking  ] GC(6) Concurrent Rebuild Remembered Sets and Scrub Regions
[2024-11-14T13:28:59.982+0000][gc,marking  ] GC(6) Concurrent Rebuild Remembered Sets and Scrub Regions 7.731ms
[2024-11-14T13:28:59.982+0000][gc,start    ] GC(6) Pause Cleanup
[2024-11-14T13:28:59.982+0000][gc          ] GC(6) Pause Cleanup 144M->144M(1024M) 0.149ms
[2024-11-14T13:28:59.982+0000][gc,cpu      ] GC(6) User=0.00s Sys=0.00s Real=0.00s
[2024-11-14T13:28:59.982+0000][gc,marking  ] GC(6) Concurrent Clear Claimed Marks
[2024-11-14T13:28:59.982+0000][gc,marking  ] GC(6) Concurrent Clear Claimed Marks 0.027ms
[2024-11-14T13:28:59.982+0000][gc,marking  ] GC(6) Concurrent Cleanup for Next Mark
[2024-11-14T13:28:59.986+0000][gc,marking  ] GC(6) Concurrent Cleanup for Next Mark 3.782ms
[2024-11-14T13:28:59.986+0000][gc          ] GC(6) Concurrent Mark Cycle 39.641ms
[2024-11-14T13:44:01.568+0000][gc,start    ] GC(7) Pause Young (Prepare Mixed) (G1 Evacuation Pause)
[2024-11-14T13:44:01.568+0000][gc,task     ] GC(7) Using 2 workers of 2 for evacuation
[2024-11-14T13:44:01.576+0000][gc,phases   ] GC(7)   Pre Evacuate Collection Set: 0.2ms
[2024-11-14T13:44:01.576+0000][gc,phases   ] GC(7)   Merge Heap Roots: 0.1ms
[2024-11-14T13:44:01.576+0000][gc,phases   ] GC(7)   Evacuate Collection Set: 6.7ms
[2024-11-14T13:44:01.576+0000][gc,phases   ] GC(7)   Post Evacuate Collection Set: 0.5ms
[2024-11-14T13:44:01.576+0000][gc,phases   ] GC(7)   Other: 0.1ms
[2024-11-14T13:44:01.576+0000][gc,heap     ] GC(7) Eden regions: 50->0(47)
[2024-11-14T13:44:01.576+0000][gc,heap     ] GC(7) Survivor regions: 1->4(7)
[2024-11-14T13:44:01.576+0000][gc,heap     ] GC(7) Old regions: 13->13
[2024-11-14T13:44:01.576+0000][gc,heap     ] GC(7) Humongous regions: 129->129
[2024-11-14T13:44:01.576+0000][gc,metaspace] GC(7) Metaspace: 38847K(39296K)->38847K(39296K) NonClass: 34305K(34560K)->34305K(34560K) Class: 4542K(4736K)->4542K(4736K)
[2024-11-14T13:44:01.576+0000][gc          ] GC(7) Pause Young (Prepare Mixed) (G1 Evacuation Pause) 192M->145M(1024M) 7.744ms
[2024-11-14T13:44:01.576+0000][gc,cpu      ] GC(7) User=0.02s Sys=0.00s Real=0.01s
